// Jest Snapshot v1, https://goo.gl/fbAQLP

exports[`<Example/> should render 1`] = `
<RCTScrollView
  style={
    Object {
      "backgroundColor": "#fff",
      "flex": 1,
    }
  }
>
  <View>
    <View
      style={undefined}
    >
      <Text
        accessible={true}
        allowFontScaling={true}
        disabled={false}
        ellipsizeMode="tail"
        style={
          Array [
            null,
            null,
          ]
        }
      >
        
          
      </Text>
      <Text
        accessible={true}
        allowFontScaling={true}
        disabled={false}
        ellipsizeMode="tail"
        onLongPress={null}
        onPress={null}
        style={undefined}
      >
        <Text
          accessible={true}
          allowFontScaling={true}
          disabled={false}
          ellipsizeMode="tail"
          style={
            Array [
              null,
              Object {},
            ]
          }
        >
          
              
        </Text>
        <Text
          accessible={true}
          allowFontScaling={true}
          disabled={false}
          ellipsizeMode="tail"
          onLongPress={null}
          onPress={null}
          style={null}
        >
          <Text
            accessible={true}
            allowFontScaling={true}
            disabled={false}
            ellipsizeMode="tail"
            style={
              Array [
                null,
                Object {},
              ]
            }
          >
            
                  
          </Text>
          <Text
            accessible={true}
            allowFontScaling={true}
            disabled={false}
            ellipsizeMode="tail"
            onLongPress={null}
            onPress={null}
            style={null}
          >
            <Text
              accessible={true}
              allowFontScaling={true}
              disabled={false}
              ellipsizeMode="tail"
              onLongPress={null}
              onPress={null}
              style={null}
            >
              <Text
                accessible={true}
                allowFontScaling={true}
                disabled={false}
                ellipsizeMode="tail"
                style={
                  Array [
                    null,
                    Object {
                      "fontStyle": "italic",
                      "fontWeight": "500",
                    },
                  ]
                }
              >
                &gt; Dwayne’s only companion at night was a Labrador retriever named Sparky.
              </Text>
            </Text>
          </Text>
          <Text
            accessible={true}
            allowFontScaling={true}
            disabled={false}
            ellipsizeMode="tail"
            style={
              Array [
                null,
                Object {},
              ]
            }
          >
            
                
          </Text>
          <Text
            accessible={true}
            allowFontScaling={true}
            disabled={false}
            ellipsizeMode="tail"
            onLongPress={null}
            onPress={null}
            style={null}
          >
            <Text
              accessible={true}
              allowFontScaling={true}
              disabled={false}
              ellipsizeMode="tail"
              style={
                Array [
                  null,
                  Object {},
                ]
              }
            >
              
                  
            </Text>
            <Text
              accessible={true}
              allowFontScaling={true}
              disabled={false}
              ellipsizeMode="tail"
              onLongPress={null}
              onPress={null}
              style={null}
            >
              <Text
                accessible={true}
                allowFontScaling={true}
                disabled={false}
                ellipsizeMode="tail"
                style={
                  Array [
                    null,
                    Object {
                      "fontStyle": "italic",
                    },
                  ]
                }
              >
                Sparky could not wag his tail-because of an automobile accident many years ago, so he had no way of telling other dogs how friendly he was.
                    He opened the door of the cage, something Bill couldn’t have done in a thousand years. Bill flew over to a windowsill.
                    
              </Text>
              <Text
                accessible={true}
                allowFontScaling={true}
                disabled={false}
                ellipsizeMode="tail"
                onLongPress={null}
                onPress={null}
                style={null}
              >
                <Text
                  accessible={true}
                  allowFontScaling={true}
                  disabled={false}
                  ellipsizeMode="tail"
                  style={
                    Array [
                      null,
                      Object {
                        "fontStyle": "italic",
                        "fontWeight": "500",
                      },
                    ]
                  }
                >
                  The undippable flag was a beauty, and the anthem and the vacant motto might not have mattered much, if it weren’t for this: a lot of citizens were so ignored and cheated and insulted that they thought they might be in the wrong country, or even on the wrong planet, that some terrible mistake had been made.
                      
                </Text>
              </Text>
            </Text>
            
            
            
          </Text>
          <Text
            accessible={true}
            allowFontScaling={true}
            disabled={false}
            ellipsizeMode="tail"
            style={
              Array [
                null,
                Object {},
              ]
            }
          >
            
                
          </Text>
          <Text
            accessible={true}
            allowFontScaling={true}
            disabled={false}
            ellipsizeMode="tail"
            onLongPress={null}
            onPress={null}
            style={null}
          >
            <Text
              accessible={true}
              allowFontScaling={true}
              disabled={false}
              ellipsizeMode="tail"
              style={
                Array [
                  null,
                  Object {},
                ]
              }
            >
              
                    [1] 
            </Text>
            <Text
              accessible={true}
              allowFontScaling={true}
              disabled={false}
              ellipsizeMode="tail"
              onLongPress={null}
              onPress={[Function]}
              style={null}
            >
              <Text
                accessible={true}
                allowFontScaling={true}
                disabled={false}
                ellipsizeMode="tail"
                style={
                  Array [
                    null,
                    Object {
                      "color": "#007AFF",
                      "fontWeight": "500",
                    },
                  ]
                }
              >
                https://code.facebook.com/posts/1505962329687926/flow-a-new-...
              </Text>
            </Text>
            <Text
              accessible={true}
              allowFontScaling={true}
              disabled={false}
              ellipsizeMode="tail"
              style={
                Array [
                  null,
                  Object {},
                ]
              }
            >
              
                  
            </Text>
            
            
            
          </Text>
          <Text
            accessible={true}
            allowFontScaling={true}
            disabled={false}
            ellipsizeMode="tail"
            style={
              Array [
                null,
                Object {},
              ]
            }
          >
            
                
          </Text>
          <Image
            source={
              Object {
                "height": 400,
                "uri": "https://i.redd.it/1l01wjsv22my.jpg",
                "width": 400,
              }
            }
            style={
              Object {
                "backgroundColor": "transparent",
                "height": 400,
                "width": 400,
              }
            }
          />
          <Text
            accessible={true}
            allowFontScaling={true}
            disabled={false}
            ellipsizeMode="tail"
            style={
              Array [
                null,
                Object {},
              ]
            }
          >
            
            
                
          </Text>
          <Text
            accessible={true}
            allowFontScaling={true}
            disabled={false}
            ellipsizeMode="tail"
            onLongPress={null}
            onPress={null}
            style={null}
          >
            <Text
              accessible={true}
              allowFontScaling={true}
              disabled={false}
              ellipsizeMode="tail"
              style={
                Array [
                  null,
                  Object {
                    "fontSize": 36,
                    "fontWeight": "500",
                  },
                ]
              }
            >
              Dwayne’s only companion at night
            </Text>
            
            
          </Text>
          <Text
            accessible={true}
            allowFontScaling={true}
            disabled={false}
            ellipsizeMode="tail"
            style={
              Array [
                null,
                Object {},
              ]
            }
          >
            
                
          </Text>
          <Text
            accessible={true}
            allowFontScaling={true}
            disabled={false}
            ellipsizeMode="tail"
            onLongPress={null}
            onPress={null}
            style={null}
          >
            <Text
              accessible={true}
              allowFontScaling={true}
              disabled={false}
              ellipsizeMode="tail"
              style={
                Array [
                  null,
                  Object {
                    "fontSize": 30,
                    "fontWeight": "500",
                  },
                ]
              }
            >
              Dwayne’s only companion at night
            </Text>
            
            
          </Text>
          <Text
            accessible={true}
            allowFontScaling={true}
            disabled={false}
            ellipsizeMode="tail"
            style={
              Array [
                null,
                Object {},
              ]
            }
          >
            
                
          </Text>
          <Text
            accessible={true}
            allowFontScaling={true}
            disabled={false}
            ellipsizeMode="tail"
            onLongPress={null}
            onPress={null}
            style={null}
          >
            <Text
              accessible={true}
              allowFontScaling={true}
              disabled={false}
              ellipsizeMode="tail"
              style={
                Array [
                  null,
                  Object {
                    "fontSize": 24,
                    "fontWeight": "500",
                  },
                ]
              }
            >
              Dwayne’s only companion at night
            </Text>
            
            
          </Text>
          <Text
            accessible={true}
            allowFontScaling={true}
            disabled={false}
            ellipsizeMode="tail"
            style={
              Array [
                null,
                Object {},
              ]
            }
          >
            
                
          </Text>
          <Text
            accessible={true}
            allowFontScaling={true}
            disabled={false}
            ellipsizeMode="tail"
            onLongPress={null}
            onPress={null}
            style={null}
          >
            <Text
              accessible={true}
              allowFontScaling={true}
              disabled={false}
              ellipsizeMode="tail"
              style={
                Array [
                  null,
                  Object {
                    "fontSize": 18,
                    "fontWeight": "500",
                  },
                ]
              }
            >
              Dwayne’s only companion at night
            </Text>
            
            
          </Text>
          <Text
            accessible={true}
            allowFontScaling={true}
            disabled={false}
            ellipsizeMode="tail"
            style={
              Array [
                null,
                Object {},
              ]
            }
          >
            
                
          </Text>
          <Text
            accessible={true}
            allowFontScaling={true}
            disabled={false}
            ellipsizeMode="tail"
            onLongPress={null}
            onPress={null}
            style={null}
          >
            <Text
              accessible={true}
              allowFontScaling={true}
              disabled={false}
              ellipsizeMode="tail"
              style={
                Array [
                  null,
                  Object {
                    "fontSize": 14,
                    "fontWeight": "500",
                  },
                ]
              }
            >
              Dwayne’s only companion at night
            </Text>
            
            
          </Text>
          <Text
            accessible={true}
            allowFontScaling={true}
            disabled={false}
            ellipsizeMode="tail"
            style={
              Array [
                null,
                Object {},
              ]
            }
          >
            
                
          </Text>
          <Text
            accessible={true}
            allowFontScaling={true}
            disabled={false}
            ellipsizeMode="tail"
            onLongPress={null}
            onPress={null}
            style={null}
          >
            <Text
              accessible={true}
              allowFontScaling={true}
              disabled={false}
              ellipsizeMode="tail"
              style={
                Array [
                  null,
                  Object {
                    "fontSize": 12,
                    "fontWeight": "500",
                  },
                ]
              }
            >
              Dwayne’s only companion at night
            </Text>
          </Text>
          <Text
            accessible={true}
            allowFontScaling={true}
            disabled={false}
            ellipsizeMode="tail"
            style={
              Array [
                null,
                Object {},
              ]
            }
          >
            
                ayyy
            
                
          </Text>
          <View
            style={
              Object {
                "height": 200,
                "width": 200,
              }
            }
          >
            <Text
              accessible={true}
              allowFontScaling={true}
              disabled={false}
              ellipsizeMode="tail"
            >
              google.com
            </Text>
          </View>
        </Text>
        <Text
          accessible={true}
          allowFontScaling={true}
          disabled={false}
          ellipsizeMode="tail"
          style={
            Array [
              null,
              Object {},
            ]
          }
        >
          
          
        </Text>
      </Text>
      <Text
        accessible={true}
        allowFontScaling={true}
        disabled={false}
        ellipsizeMode="tail"
        style={
          Array [
            null,
            null,
          ]
        }
      >
        
        
      </Text>
    </View>
  </View>
</RCTScrollView>
`;
